Copyright 1986-2022 Xilinx, Inc. All Rights Reserved. Copyright 2022-2024 Advanced Micro Devices, Inc. All Rights Reserved.
---------------------------------------------------------------------------------------------------------------------------------------------
| Tool Version : Vivado v.2024.2 (win64) Build 5239630 Fri Nov 08 22:35:27 MST 2024
| Date         : Wed Oct 29 01:43:54 2025
| Host         : Lemus running 64-bit major release  (build 9200)
| Command      : report_control_sets -verbose -file VivePass_control_sets_placed.rpt
| Design       : VivePass
| Device       : xc7a35t
---------------------------------------------------------------------------------------------------------------------------------------------

Control Set Information

Table of Contents
-----------------
1. Summary
2. Histogram
3. Flip-Flop Distribution
4. Detailed Control Set Information

1. Summary
----------

+----------------------------------------------------------+-------+
|                          Status                          | Count |
+----------------------------------------------------------+-------+
| Total control sets                                       |    10 |
|    Minimum number of control sets                        |    10 |
|    Addition due to synthesis replication                 |     0 |
|    Addition due to physical synthesis replication        |     0 |
| Unused register locations in slices containing registers |    41 |
+----------------------------------------------------------+-------+
* Control sets can be merged at opt_design using control_set_merge or merge_equivalent_drivers
** Run report_qor_suggestions for automated merging and remapping suggestions


2. Histogram
------------

+--------------------+-------+
|       Fanout       | Count |
+--------------------+-------+
| Total control sets |    10 |
| >= 0 to < 4        |     1 |
| >= 4 to < 6        |     5 |
| >= 6 to < 8        |     1 |
| >= 8 to < 10       |     0 |
| >= 10 to < 12      |     0 |
| >= 12 to < 14      |     0 |
| >= 14 to < 16      |     0 |
| >= 16              |     3 |
+--------------------+-------+
* Control sets can be remapped at either synth_design or opt_design


3. Flip-Flop Distribution
-------------------------

+--------------+-----------------------+------------------------+-----------------+--------------+
| Clock Enable | Synchronous Set/Reset | Asynchronous Set/Reset | Total Registers | Total Slices |
+--------------+-----------------------+------------------------+-----------------+--------------+
| No           | No                    | No                     |              31 |            9 |
| No           | No                    | Yes                    |              32 |            9 |
| No           | Yes                   | No                     |              17 |            5 |
| Yes          | No                    | No                     |               1 |            1 |
| Yes          | No                    | Yes                    |              22 |            9 |
| Yes          | Yes                   | No                     |               0 |            0 |
+--------------+-----------------------+------------------------+-----------------+--------------+


4. Detailed Control Set Information
-----------------------------------

+-----------------+---------------------------------------+--------------------+------------------+----------------+--------------+
|   Clock Signal  |             Enable Signal             |  Set/Reset Signal  | Slice Load Count | Bel Load Count | Bels / Slice |
+-----------------+---------------------------------------+--------------------+------------------+----------------+--------------+
|  clk_IBUF_BUFG  | btnU_d_i_1_n_0                        |                    |                1 |              1 |         1.00 |
|  clk_IBUF_BUFG  | moore/reloj_local/horas_d[3]_i_1_n_0  | reset_IBUF         |                2 |              4 |         2.00 |
|  clk_IBUF_BUFG  | moore/reloj_local/horas_u[3]_i_1_n_0  | reset_IBUF         |                2 |              4 |         2.00 |
|  clk_IBUF_BUFG  | moore/reloj_local/mins_d[3]_i_1_n_0   | reset_IBUF         |                2 |              4 |         2.00 |
|  clk_IBUF_BUFG  | moore/reloj_local/mins_u[3]_i_1_n_0   | reset_IBUF         |                1 |              4 |         4.00 |
|  clk_scl/out[0] |                                       | reset_IBUF         |                2 |              5 |         2.50 |
|  clk_IBUF_BUFG  | moore/reloj_local/segundos[5]_i_1_n_0 | reset_IBUF         |                2 |              6 |         3.00 |
|  clk_IBUF_BUFG  |                                       | moore/conteo/fsm_0 |                5 |             17 |         3.40 |
|  clk_IBUF_BUFG  |                                       | reset_IBUF         |                7 |             27 |         3.86 |
|  clk_IBUF_BUFG  |                                       |                    |                9 |             31 |         3.44 |
+-----------------+---------------------------------------+--------------------+------------------+----------------+--------------+


