Archive member included to satisfy reference by file (symbol)

C:/ST/STM32CubeIDE_1.19.0/STM32CubeIDE/plugins/com.st.stm32cube.ide.mcu.externaltools.gnu-tools-for-stm32.13.3.rel1.win32_1.0.0.202411081344/tools/bin/../lib/gcc/arm-none-eabi/13.3.1/../../../../arm-none-eabi/lib/thumb/v6-m/nofp\libc_nano.a(libc_a-exit.o)
                              C:/ST/STM32CubeIDE_1.19.0/STM32CubeIDE/plugins/com.st.stm32cube.ide.mcu.externaltools.gnu-tools-for-stm32.13.3.rel1.win32_1.0.0.202411081344/tools/bin/../lib/gcc/arm-none-eabi/13.3.1/../../../../arm-none-eabi/lib/thumb/v6-m/nofp/crt0.o (exit)
C:/ST/STM32CubeIDE_1.19.0/STM32CubeIDE/plugins/com.st.stm32cube.ide.mcu.externaltools.gnu-tools-for-stm32.13.3.rel1.win32_1.0.0.202411081344/tools/bin/../lib/gcc/arm-none-eabi/13.3.1/../../../../arm-none-eabi/lib/thumb/v6-m/nofp\libc_nano.a(libc_a-findfp.o)
                              C:/ST/STM32CubeIDE_1.19.0/STM32CubeIDE/plugins/com.st.stm32cube.ide.mcu.externaltools.gnu-tools-for-stm32.13.3.rel1.win32_1.0.0.202411081344/tools/bin/../lib/gcc/arm-none-eabi/13.3.1/../../../../arm-none-eabi/lib/thumb/v6-m/nofp\libc_nano.a(libc_a-exit.o) (__stdio_exit_handler)
C:/ST/STM32CubeIDE_1.19.0/STM32CubeIDE/plugins/com.st.stm32cube.ide.mcu.externaltools.gnu-tools-for-stm32.13.3.rel1.win32_1.0.0.202411081344/tools/bin/../lib/gcc/arm-none-eabi/13.3.1/../../../../arm-none-eabi/lib/thumb/v6-m/nofp\libc_nano.a(libc_a-fwalk.o)
                              C:/ST/STM32CubeIDE_1.19.0/STM32CubeIDE/plugins/com.st.stm32cube.ide.mcu.externaltools.gnu-tools-for-stm32.13.3.rel1.win32_1.0.0.202411081344/tools/bin/../lib/gcc/arm-none-eabi/13.3.1/../../../../arm-none-eabi/lib/thumb/v6-m/nofp\libc_nano.a(libc_a-findfp.o) (_fwalk_sglue)
C:/ST/STM32CubeIDE_1.19.0/STM32CubeIDE/plugins/com.st.stm32cube.ide.mcu.externaltools.gnu-tools-for-stm32.13.3.rel1.win32_1.0.0.202411081344/tools/bin/../lib/gcc/arm-none-eabi/13.3.1/../../../../arm-none-eabi/lib/thumb/v6-m/nofp\libc_nano.a(libc_a-stdio.o)
                              C:/ST/STM32CubeIDE_1.19.0/STM32CubeIDE/plugins/com.st.stm32cube.ide.mcu.externaltools.gnu-tools-for-stm32.13.3.rel1.win32_1.0.0.202411081344/tools/bin/../lib/gcc/arm-none-eabi/13.3.1/../../../../arm-none-eabi/lib/thumb/v6-m/nofp\libc_nano.a(libc_a-findfp.o) (__sread)
C:/ST/STM32CubeIDE_1.19.0/STM32CubeIDE/plugins/com.st.stm32cube.ide.mcu.externaltools.gnu-tools-for-stm32.13.3.rel1.win32_1.0.0.202411081344/tools/bin/../lib/gcc/arm-none-eabi/13.3.1/../../../../arm-none-eabi/lib/thumb/v6-m/nofp\libc_nano.a(libc_a-memset.o)
                              C:/ST/STM32CubeIDE_1.19.0/STM32CubeIDE/plugins/com.st.stm32cube.ide.mcu.externaltools.gnu-tools-for-stm32.13.3.rel1.win32_1.0.0.202411081344/tools/bin/../lib/gcc/arm-none-eabi/13.3.1/../../../../arm-none-eabi/lib/thumb/v6-m/nofp/crt0.o (memset)
C:/ST/STM32CubeIDE_1.19.0/STM32CubeIDE/plugins/com.st.stm32cube.ide.mcu.externaltools.gnu-tools-for-stm32.13.3.rel1.win32_1.0.0.202411081344/tools/bin/../lib/gcc/arm-none-eabi/13.3.1/../../../../arm-none-eabi/lib/thumb/v6-m/nofp\libc_nano.a(libc_a-closer.o)
                              C:/ST/STM32CubeIDE_1.19.0/STM32CubeIDE/plugins/com.st.stm32cube.ide.mcu.externaltools.gnu-tools-for-stm32.13.3.rel1.win32_1.0.0.202411081344/tools/bin/../lib/gcc/arm-none-eabi/13.3.1/../../../../arm-none-eabi/lib/thumb/v6-m/nofp\libc_nano.a(libc_a-stdio.o) (_close_r)
C:/ST/STM32CubeIDE_1.19.0/STM32CubeIDE/plugins/com.st.stm32cube.ide.mcu.externaltools.gnu-tools-for-stm32.13.3.rel1.win32_1.0.0.202411081344/tools/bin/../lib/gcc/arm-none-eabi/13.3.1/../../../../arm-none-eabi/lib/thumb/v6-m/nofp\libc_nano.a(libc_a-reent.o)
                              C:/ST/STM32CubeIDE_1.19.0/STM32CubeIDE/plugins/com.st.stm32cube.ide.mcu.externaltools.gnu-tools-for-stm32.13.3.rel1.win32_1.0.0.202411081344/tools/bin/../lib/gcc/arm-none-eabi/13.3.1/../../../../arm-none-eabi/lib/thumb/v6-m/nofp\libc_nano.a(libc_a-closer.o) (errno)
C:/ST/STM32CubeIDE_1.19.0/STM32CubeIDE/plugins/com.st.stm32cube.ide.mcu.externaltools.gnu-tools-for-stm32.13.3.rel1.win32_1.0.0.202411081344/tools/bin/../lib/gcc/arm-none-eabi/13.3.1/../../../../arm-none-eabi/lib/thumb/v6-m/nofp\libc_nano.a(libc_a-impure.o)
                              C:/ST/STM32CubeIDE_1.19.0/STM32CubeIDE/plugins/com.st.stm32cube.ide.mcu.externaltools.gnu-tools-for-stm32.13.3.rel1.win32_1.0.0.202411081344/tools/bin/../lib/gcc/arm-none-eabi/13.3.1/../../../../arm-none-eabi/lib/thumb/v6-m/nofp\libc_nano.a(libc_a-reent.o) (_impure_ptr)
C:/ST/STM32CubeIDE_1.19.0/STM32CubeIDE/plugins/com.st.stm32cube.ide.mcu.externaltools.gnu-tools-for-stm32.13.3.rel1.win32_1.0.0.202411081344/tools/bin/../lib/gcc/arm-none-eabi/13.3.1/../../../../arm-none-eabi/lib/thumb/v6-m/nofp\libc_nano.a(libc_a-lseekr.o)
[...]
Memory Configuration

Name             Origin             Length             Attributes
RAM              0x20000000         0x00002000         xrw
FLASH            0x08000000         0x00010000         xr
*default*        0x00000000         0xffffffff

Linker script and memory map

LOAD C:/ST/STM32CubeIDE_1.19.0/STM32CubeIDE/plugins/com.st.stm32cube.ide.mcu.externaltools.gnu-tools-for-stm32.13.3.rel1.win32_1.0.0.202411081344/tools/bin/../lib/gcc/arm-none-eabi/13.3.1/thumb/v6-m/nofp/crti.o
LOAD C:/ST/STM32CubeIDE_1.19.0/STM32CubeIDE/plugins/com.st.stm32cube.ide.mcu.externaltools.gnu-tools-for-stm32.13.3.rel1.win32_1.0.0.202411081344/tools/bin/../lib/gcc/arm-none-eabi/13.3.1/thumb/v6-m/nofp/crtbegin.o
LOAD C:/ST/STM32CubeIDE_1.19.0/STM32CubeIDE/plugins/com.st.stm32cube.ide.mcu.externaltools.gnu-tools-for-stm32.13.3.rel1.win32_1.0.0.202411081344/tools/bin/../lib/gcc/arm-none-eabi/13.3.1/../../../../arm-none-eabi/lib/thumb/v6-m/nofp/crt0.o
LOAD ./Src/main.o
LOAD ./Src/syscalls.o
LOAD ./Src/sysmem.o
LOAD ./Startup/startup_stm32l053r8tx.o
START GROUP
LOAD C:/ST/STM32CubeIDE_1.19.0/STM32CubeIDE/plugins/com.st.stm32cube.ide.mcu.externaltools.gnu-tools-for-stm32.13.3.rel1.win32_1.0.0.202411081344/tools/bin/../lib/gcc/arm-none-eabi/13.3.1/../../../../arm-none-eabi/lib/thumb/v6-m/nofp\libc_nano.a
LOAD C:/ST/STM32CubeIDE_1.19.0/STM32CubeIDE/plugins/com.st.stm32cube.ide.mcu.externaltools.gnu-tools-for-stm32.13.3.rel1.win32_1.0.0.202411081344/tools/bin/../lib/gcc/arm-none-eabi/13.3.1/../../../../arm-none-eabi/lib/thumb/v6-m/nofp\libm.a
END GROUP
START GROUP
LOAD C:/ST/STM32CubeIDE_1.19.0/STM32CubeIDE/plugins/com.st.stm32cube.ide.mcu.externaltools.gnu-tools-for-stm32.13.3.rel1.win32_1.0.0.202411081344/tools/bin/../lib/gcc/arm-none-eabi/13.3.1/thumb/v6-m/nofp\libgcc.a
LOAD C:/ST/STM32CubeIDE_1.19.0/STM32CubeIDE/plugins/com.st.stm32cube.ide.mcu.externaltools.gnu-tools-for-stm32.13.3.rel1.win32_1.0.0.202411081344/tools/bin/../lib/gcc/arm-none-eabi/13.3.1/../../../../arm-none-eabi/lib/thumb/v6-m/nofp\libc_nano.a
END GROUP
START GROUP
LOAD C:/ST/STM32CubeIDE_1.19.0/STM32CubeIDE/plugins/com.st.stm32cube.ide.mcu.externaltools.gnu-tools-for-stm32.13.3.rel1.win32_1.0.0.202411081344/tools/bin/../lib/gcc/arm-none-eabi/13.3.1/thumb/v6-m/nofp\libgcc.a
LOAD C:/ST/STM32CubeIDE_1.19.0/STM32CubeIDE/plugins/com.st.stm32cube.ide.mcu.externaltools.gnu-tools-for-stm32.13.3.rel1.win32_1.0.0.202411081344/tools/bin/../lib/gcc/arm-none-eabi/13.3.1/../../../../arm-none-eabi/lib/thumb/v6-m/nofp\libc_nano.a
LOAD C:/ST/STM32CubeIDE_1.19.0/STM32CubeIDE/plugins/com.st.stm32cube.ide.mcu.externaltools.gnu-tools-for-stm32.13.3.rel1.win32_1.0.0.202411081344/tools/bin/../lib/gcc/arm-none-eabi/13.3.1/../../../../arm-none-eabi/lib/thumb/v6-m/nofp\libnosys.a
END GROUP
START GROUP
LOAD C:/ST/STM32CubeIDE_1.19.0/STM32CubeIDE/plugins/com.st.stm32cube.ide.mcu.externaltools.gnu-tools-for-stm32.13.3.rel1.win32_1.0.0.202411081344/tools/bin/../lib/gcc/arm-none-eabi/13.3.1/thumb/v6-m/nofp\libgcc.a
LOAD C:/ST/STM32CubeIDE_1.19.0/STM32CubeIDE/plugins/com.st.stm32cube.ide.mcu.externaltools.gnu-tools-for-stm32.13.3.rel1.win32_1.0.0.202411081344/tools/bin/../lib/gcc/arm-none-eabi/13.3.1/../../../../arm-none-eabi/lib/thumb/v6-m/nofp\libc_nano.a
LOAD C:/ST/STM32CubeIDE_1.19.0/STM32CubeIDE/plugins/com.st.stm32cube.ide.mcu.externaltools.gnu-tools-for-stm32.13.3.rel1.win32_1.0.0.202411081344/tools/bin/../lib/gcc/arm-none-eabi/13.3.1/../../../../arm-none-eabi/lib/thumb/v6-m/nofp\libnosys.a
END GROUP
LOAD C:/ST/STM32CubeIDE_1.19.0/STM32CubeIDE/plugins/com.st.stm32cube.ide.mcu.externaltools.gnu-tools-for-stm32.13.3.rel1.win32_1.0.0.202411081344/tools/bin/../lib/gcc/arm-none-eabi/13.3.1/thumb/v6-m/nofp/crtend.o
LOAD C:/ST/STM32CubeIDE_1.19.0/STM32CubeIDE/plugins/com.st.stm32cube.ide.mcu.externaltools.gnu-tools-for-stm32.13.3.rel1.win32_1.0.0.202411081344/tools/bin/../lib/gcc/arm-none-eabi/13.3.1/thumb/v6-m/nofp/crtn.o
                0x20002000                        _estack = (ORIGIN (RAM) + LENGTH (RAM))
                0x00000200                        _Min_Heap_Size = 0x200
                0x00000400                        _Min_Stack_Size = 0x400

.isr_vector     0x08000000       0xc0
                0x08000000                        . = ALIGN (0x4)
 *(.isr_vector)
 .isr_vector    0x08000000       0xc0 ./Startup/startup_stm32l053r8tx.o
                0x08000000                g_pfnVectors
                0x080000c0                        . = ALIGN (0x4)

.text           0x080000c0     0x1ccc
                0x080000c0                        . = ALIGN (0x4)
 *(.text)
 .text          0x080000c0       0x48 C:/ST/STM32CubeIDE_1.19.0/STM32CubeIDE/plugins/com.st.stm32cube.ide.mcu.externaltools.gnu-tools-for-stm32.13.3.rel1.win32_1.0.0.202411081344/tools/bin/../lib/gcc/arm-none-eabi/13.3.1/thumb/v6-m/nofp/crtbegin.o
 .text          0x08000108      0x114 C:/ST/STM32CubeIDE_1.19.0/STM32CubeIDE/plugins/com.st.stm32cube.ide.mcu.externaltools.gnu-tools-for-stm32.13.3.rel1.win32_1.0.0.202411081344/tools/bin/../lib/gcc/arm-none-eabi/13.3.1/thumb/v6-m/nofp\libgcc.a(_udivsi3.o)
                0x08000108                __aeabi_uidiv
                0x08000108                __udivsi3
                0x08000214                __aeabi_uidivmod
 .text          0x0800021c        0x4 C:/ST/STM32CubeIDE_1.19.0/STM32CubeIDE/plugins/com.st.stm32cube.ide.mcu.externaltools.gnu-tools-for-stm32.13.3.rel1.win32_1.0.0.202411081344/tools/bin/../lib/gcc/arm-none-eabi/13.3.1/thumb/v6-m/nofp\libgcc.a(_dvmd_tls.o)
                0x0800021c                __aeabi_idiv0
                0x0800021c                __aeabi_ldiv0
 *(.text*)
 .text.__NVIC_EnableIRQ
                0x08000220       0x34 ./Src/main.o
 .text.system_init
                0x08000254      0x4c4 ./Src/main.o
                0x08000254                system_init
 .text.lavado   0x08000718       0x74 ./Src/main.o
                0x08000718                lavado
 .text.enjuague
                0x0800078c       0xd8 ./Src/main.o
                0x0800078c                enjuague
 .text.centrifugado
                0x08000864       0x74 ./Src/main.o
                0x08000864                centrifugado
 .text.LCD_SendNibble
                0x080008d8       0x5a ./Src/main.o
                0x080008d8                LCD_SendNibble
 .text.LCD_SendByte
                0x08000932       0x54 ./Src/main.o
                0x08000932                LCD_SendByte
 *fill*         0x08000986        0x2 
 .text.LCD_Service_1ms
                0x08000988      0x190 ./Src/main.o
                0x08000988                LCD_Service_1ms
 .text.LCD_PrintNew
                0x08000b18       0x30 ./Src/main.o
                0x08000b18                LCD_PrintNew
 .text.tecla_activa
                0x08000b48      0x338 ./Src/main.o
                0x08000b48                tecla_activa
 .text.parser   0x08000e80       0x58 ./Src/main.o
                0x08000e80                parser
 .text.print_display
                0x08000ed8      0x17c ./Src/main.o
                0x08000ed8                print_display
 .text.actualizar_display_desde_minutos
                0x08001054       0xb0 ./Src/main.o
                0x08001054                actualizar_display_desde_minutos
 .text.actualizar_display_desde_segundos
                0x08001104       0x94 ./Src/main.o
                0x08001104                actualizar_display_desde_segundos
 .text.clk_inverso
                0x08001198       0x7c ./Src/main.o
                0x08001198                clk_inverso
 .text.clk_inverso_espera
                0x08001214       0x50 ./Src/main.o
                0x08001214                clk_inverso_espera
 .text.USART2_write_char
                0x08001264       0x2c ./Src/main.o
                0x08001264                USART2_write_char
 .text.USART2_write_string
                0x08001290       0x2a ./Src/main.o
                0x08001290                USART2_write_string
 *fill*         0x080012ba        0x2 
 .text.mod_config
                0x080012bc      0x1b8 ./Src/main.o
                0x080012bc                mod_config
 .text.selec_ciclo
                0x08001474      0x1bc ./Src/main.o
                0x08001474                selec_ciclo
 .text.control_etapa
                0x08001630       0x38 ./Src/main.o
                0x08001630                control_etapa
 .text.TIM21_IRQHandler
                0x08001668      0x114 ./Src/main.o
                0x08001668                TIM21_IRQHandler
 .text.TIM22_IRQHandler
                0x0800177c      0x204 ./Src/main.o
                0x0800177c                TIM22_IRQHandler
 .text.EXTI0_1_IRQHandler
                0x08001980       0xec ./Src/main.o
                0x08001980                EXTI0_1_IRQHandler
 .text.EXTI4_15_IRQHandler
                0x08001a6c      0x260 ./Src/main.o
                0x08001a6c                EXTI4_15_IRQHandler
 .text.main     0x08001ccc        0xc ./Src/main.o
                0x08001ccc                main
 .text.Reset_Handler
                0x08001cd8       0x50 ./Startup/startup_stm32l053r8tx.o
                0x08001cd8                Reset_Handler
 .text.Default_Handler
                0x08001d28        0x2 ./Startup/startup_stm32l053r8tx.o
                0x08001d28                TSC_IRQHandler
                0x08001d28                HardFault_Handler
                0x08001d28                SysTick_Handler
                0x08001d28                PVD_IRQHandler
                0x08001d28                PendSV_Handler
                0x08001d28                NMI_Handler
                0x08001d28                I2C1_IRQHandler
                0x08001d28                USART4_USART5_IRQHandler
                0x08001d28                SPI1_IRQHandler
                0x08001d28                TIM6_DAC_IRQHandler
                0x08001d28                EXTI2_3_IRQHandler
                0x08001d28                I2C2_IRQHandler
                0x08001d28                RTC_IRQHandler
                0x08001d28                LCD_IRQHandler
                0x08001d28                TIM3_IRQHandler
                0x08001d28                RCC_IRQHandler
                0x08001d28                DMA1_Channel1_IRQHandler
                0x08001d28                Default_Handler
                0x08001d28                TIM7_IRQHandler
                0x08001d28                USB_IRQHandler
                0x08001d28                I2C3_IRQHandler
                0x08001d28                SPI2_IRQHandler
                0x08001d28                SVC_Handler
                0x08001d28                WWDG_IRQHandler
                0x08001d28                TIM2_IRQHandler
                0x08001d28                DMA1_Channel2_3_IRQHandler
                0x08001d28                ADC_COMP_IRQHandler
                0x08001d28                USART2_IRQHandler
                0x08001d28                DMA1_Channel4_7_IRQHandler
                0x08001d28                USART1_IRQHandler
                0x08001d28                LPTIM1_IRQHandler
 *fill*         0x08001d2a        0x2 
 .text.__libc_init_array
                0x08001d2c       0x48 C:/ST/STM32CubeIDE_1.19.0/STM32CubeIDE/plugins/com.st.stm32cube.ide.mcu.externaltools.gnu-tools-for-stm32.13.3.rel1.win32_1.0.0.202411081344/tools/bin/../lib/gcc/arm-none-eabi/13.3.1/../../../../arm-none-eabi/lib/thumb/v6-m/nofp\libc_nano.a(libc_a-init.o)
                0x08001d2c                __libc_init_array
 *(.glue_7)
 .glue_7        0x08001d74        0x0 linker stubs
 *(.glue_7t)
 .glue_7t       0x08001d74        0x0 linker stubs
 *(.eh_frame)
 .eh_frame      0x08001d74        0x0 C:/ST/STM32CubeIDE_1.19.0/STM32CubeIDE/plugins/com.st.stm32cube.ide.mcu.externaltools.gnu-tools-for-stm32.13.3.rel1.win32_1.0.0.202411081344/tools/bin/../lib/gcc/arm-none-eabi/13.3.1/thumb/v6-m/nofp/crtbegin.o
 *(.init)
 .init          0x08001d74        0x4 C:/ST/STM32CubeIDE_1.19.0/STM32CubeIDE/plugins/com.st.stm32cube.ide.mcu.externaltools.gnu-tools-for-stm32.13.3.rel1.win32_1.0.0.202411081344/tools/bin/../lib/gcc/arm-none-eabi/13.3.1/thumb/v6-m/nofp/crti.o
                0x08001d74                _init
 .init          0x08001d78        0x8 C:/ST/STM32CubeIDE_1.19.0/STM32CubeIDE/plugins/com.st.stm32cube.ide.mcu.externaltools.gnu-tools-for-stm32.13.3.rel1.win32_1.0.0.202411081344/tools/bin/../lib/gcc/arm-none-eabi/13.3.1/thumb/v6-m/nofp/crtn.o
 *(.fini)
 .fini          0x08001d80        0x4 C:/ST/STM32CubeIDE_1.19.0/STM32CubeIDE/plugins/com.st.stm32cube.ide.mcu.externaltools.gnu-tools-for-stm32.13.3.rel1.win32_1.0.0.202411081344/tools/bin/../lib/gcc/arm-none-eabi/13.3.1/thumb/v6-m/nofp/crti.o
                0x08001d80                _fini
 .fini          0x08001d84        0x8 C:/ST/STM32CubeIDE_1.19.0/STM32CubeIDE/plugins/com.st.stm32cube.ide.mcu.externaltools.gnu-tools-for-stm32.13.3.rel1.win32_1.0.0.202411081344/tools/bin/../lib/gcc/arm-none-eabi/13.3.1/thumb/v6-m/nofp/crtn.o
                0x08001d8c                        . = ALIGN (0x4)
                0x08001d8c                        _etext = .

.vfp11_veneer   0x08001d8c        0x0
 .vfp11_veneer  0x08001d8c        0x0 linker stubs

.v4_bx          0x08001d8c        0x0
 .v4_bx         0x08001d8c        0x0 linker stubs

.iplt           0x08001d8c        0x0
 .iplt          0x08001d8c        0x0 C:/ST/STM32CubeIDE_1.19.0/STM32CubeIDE/plugins/com.st.stm32cube.ide.mcu.externaltools.gnu-tools-for-stm32.13.3.rel1.win32_1.0.0.202411081344/tools/bin/../lib/gcc/arm-none-eabi/13.3.1/thumb/v6-m/nofp/crtbegin.o

.rodata         0x08001d8c      0x508
                0x08001d8c                        . = ALIGN (0x4)
 *(.rodata)
 .rodata        0x08001d8c      0x484 ./Src/main.o
 *(.rodata*)
 .rodata.LCD_Service_1ms
                0x08002210       0x28 ./Src/main.o
 .rodata.parser
                0x08002238       0x2c ./Src/main.o
 .rodata.mod_config
                0x08002264       0x30 ./Src/main.o
                0x08002294                        . = ALIGN (0x4)

.ARM.extab      0x08002294        0x0
                0x08002294                        . = ALIGN (0x4)
 *(.ARM.extab* .gnu.linkonce.armextab.*)
                0x08002294                        . = ALIGN (0x4)

.ARM            0x08002294        0x0
                0x08002294                        . = ALIGN (0x4)
                0x08002294                        __exidx_start = .
 *(.ARM.exidx*)
                0x08002294                        __exidx_end = .
                0x08002294                        . = ALIGN (0x4)

.preinit_array  0x08002294        0x0
                0x08002294                        . = ALIGN (0x4)
                0x08002294                        PROVIDE (__preinit_array_start = .)
 *(.preinit_array*)
                0x08002294                        PROVIDE (__preinit_array_end = .)
                0x08002294                        . = ALIGN (0x4)

.init_array     0x08002294        0x4
                0x08002294                        . = ALIGN (0x4)
                0x08002294                        PROVIDE (__init_array_start = .)
 *(SORT_BY_NAME(.init_array.*))
 *(.init_array*)
 .init_array    0x08002294        0x4 C:/ST/STM32CubeIDE_1.19.0/STM32CubeIDE/plugins/com.st.stm32cube.ide.mcu.externaltools.gnu-tools-for-stm32.13.3.rel1.win32_1.0.0.202411081344/tools/bin/../lib/gcc/arm-none-eabi/13.3.1/thumb/v6-m/nofp/crtbegin.o
                0x08002298                        PROVIDE (__init_array_end = .)
                0x08002298                        . = ALIGN (0x4)

.fini_array     0x08002298        0x4
                0x08002298                        . = ALIGN (0x4)
                [!provide]                        PROVIDE (__fini_array_start = .)
 *(SORT_BY_NAME(.fini_array.*))
 *(.fini_array*)
 .fini_array    0x08002298        0x4 C:/ST/STM32CubeIDE_1.19.0/STM32CubeIDE/plugins/com.st.stm32cube.ide.mcu.externaltools.gnu-tools-for-stm32.13.3.rel1.win32_1.0.0.202411081344/tools/bin/../lib/gcc/arm-none-eabi/13.3.1/thumb/v6-m/nofp/crtbegin.o
                [!provide]                        PROVIDE (__fini_array_end = .)
                0x0800229c                        . = ALIGN (0x4)
                0x0800229c                        _sidata = LOADADDR (.data)

.rel.dyn        0x0800229c        0x0
 .rel.iplt      0x0800229c        0x0 C:/ST/STM32CubeIDE_1.19.0/STM32CubeIDE/plugins/com.st.stm32cube.ide.mcu.externaltools.gnu-tools-for-stm32.13.3.rel1.win32_1.0.0.202411081344/tools/bin/../lib/gcc/arm-none-eabi/13.3.1/thumb/v6-m/nofp/crtbegin.o

.data           0x20000000        0xc load address 0x0800229c
                0x20000000                        . = ALIGN (0x4)
                0x20000000                        _sdata = .
 *(.data)
 *(.data*)
 .data.sentido  0x20000000        0x1 ./Src/main.o
                0x20000000                sentido
 *fill*         0x20000001        0x3 
 .data.lcd_text
                0x20000004        0x4 ./Src/main.o
                0x20000004                lcd_text
 .data.pwm_actual.12
                0x20000008        0x1 ./Src/main.o
 *(.RamFunc)
 *(.RamFunc*)
                0x2000000c                        . = ALIGN (0x4)
 *fill*         0x20000009        0x3 
                0x2000000c                        _edata = .

.igot.plt       0x2000000c        0x0 load address 0x080022a8
 .igot.plt      0x2000000c        0x0 C:/ST/STM32CubeIDE_1.19.0/STM32CubeIDE/plugins/com.st.stm32cube.ide.mcu.externaltools.gnu-tools-for-stm32.13.3.rel1.win32_1.0.0.202411081344/tools/bin/../lib/gcc/arm-none-eabi/13.3.1/thumb/v6-m/nofp/crtbegin.o
                0x2000000c                        . = ALIGN (0x4)

.bss            0x2000000c       0x64 load address 0x080022a8
                0x2000000c                        _sbss = .
                0x2000000c                        __bss_start__ = _sbss
 *(.bss)
 .bss           0x2000000c       0x1c C:/ST/STM32CubeIDE_1.19.0/STM32CubeIDE/plugins/com.st.stm32cube.ide.mcu.externaltools.gnu-tools-for-stm32.13.3.rel1.win32_1.0.0.202411081344/tools/bin/../lib/gcc/arm-none-eabi/13.3.1/thumb/v6-m/nofp/crtbegin.o
 *(.bss*)
 .bss.segundos_etapa
                0x20000028        0x2 ./Src/main.o
                0x20000028                segundos_etapa
 .bss.etapa     0x2000002a        0x1 ./Src/main.o
                0x2000002a                etapa
 .bss.lcd_state
                0x2000002b        0x1 ./Src/main.o
                0x2000002b                lcd_state
 .bss.lcd_step  0x2000002c        0x1 ./Src/main.o
                0x2000002c                lcd_step
 *fill*         0x2000002d        0x3 
 .bss.tick_ms   0x20000030        0x4 ./Src/main.o
                0x20000030                tick_ms
 .bss.lcd_index
                0x20000034        0x1 ./Src/main.o
                0x20000034                lcd_index
 .bss.fin_ciclo_tick
                0x20000035        0x1 ./Src/main.o
                0x20000035                fin_ciclo_tick
 .bss.ciclo     0x20000036        0x1 ./Src/main.o
                0x20000036                ciclo
 .bss.ciclo_prev
                0x20000037        0x1 ./Src/main.o
                0x20000037                ciclo_prev
 .bss.modo_config
                0x20000038        0x1 ./Src/main.o
                0x20000038                modo_config
 *fill*         0x20000039        0x3 
 .bss.display_clk
                0x2000003c        0x4 ./Src/main.o
                0x2000003c                display_clk
 .bss.en_control
                0x20000040        0x1 ./Src/main.o
                0x20000040                en_control
 .bss.tick_seg  0x20000041        0x1 ./Src/main.o
                0x20000041                tick_seg
 .bss.ciclo_activo
                0x20000042        0x1 ./Src/main.o
                0x20000042                ciclo_activo
 *fill*         0x20000043        0x1 
 .bss.tiempo_total
                0x20000044        0x2 ./Src/main.o
                0x20000044                tiempo_total
 .bss.buzzer_ms
                0x20000046        0x2 ./Src/main.o
                0x20000046                buzzer_ms
 .bss.tiempo_espera
                0x20000048        0x1 ./Src/main.o
                0x20000048                tiempo_espera
 *fill*         0x20000049        0x3 
 .bss.tiempo_espera_total
                0x2000004c        0x4 ./Src/main.o
                0x2000004c                tiempo_espera_total
 .bss.last_toggle.11
                0x20000050        0x4 ./Src/main.o
 .bss.sentido_local.10
                0x20000054        0x1 ./Src/main.o
 *fill*         0x20000055        0x1 
 .bss.wait.9    0x20000056        0x2 ./Src/main.o
 .bss.tecla_anterior.8
                0x20000058        0x1 ./Src/main.o
 *fill*         0x20000059        0x1 
 .bss.contador_estable.7
                0x2000005a        0x2 ./Src/main.o
 .bss.tecla_reportada.6
                0x2000005c        0x1 ./Src/main.o
 *fill*         0x2000005d        0x3 
 .bss.tick_presion_inicio.5
                0x20000060        0x4 ./Src/main.o
 .bss.tick_presion_ultima.4
                0x20000064        0x4 ./Src/main.o
 .bss.contador_seg.3
                0x20000068        0x2 ./Src/main.o
 .bss.espera_prev.2
                0x2000006a        0x1 ./Src/main.o
 .bss.config_impreso.1
                0x2000006b        0x1 ./Src/main.o
 .bss.toggle.0  0x2000006c        0x1 ./Src/main.o
 *(COMMON)
                0x20000070                        . = ALIGN (0x4)
 *fill*         0x2000006d        0x3 
                0x20000070                        _ebss = .
                0x20000070                        __bss_end__ = _ebss

._user_heap_stack
                0x20000070      0x600 load address 0x080022a8
                0x20000070                        . = ALIGN (0x8)
                [!provide]                        PROVIDE (end = .)
                0x20000070                        PROVIDE (_end = .)
                0x20000270                        . = (. + _Min_Heap_Size)
 *fill*         0x20000070      0x200 
                0x20000670                        . = (. + _Min_Stack_Size)
 *fill*         0x20000270      0x400 
                0x20000670                        . = ALIGN (0x8)

/DISCARD/
 libc.a(*)
 libm.a(*)
 libgcc.a(*)

.ARM.attributes
                0x00000000       0x28
 *(.ARM.attributes)
 .ARM.attributes
                0x00000000       0x1e C:/ST/STM32CubeIDE_1.19.0/STM32CubeIDE/plugins/com.st.stm32cube.ide.mcu.externaltools.gnu-tools-for-stm32.13.3.rel1.win32_1.0.0.202411081344/tools/bin/../lib/gcc/arm-none-eabi/13.3.1/thumb/v6-m/nofp/crti.o
 .ARM.attributes
                0x0000001e       0x2c C:/ST/STM32CubeIDE_1.19.0/STM32CubeIDE/plugins/com.st.stm32cube.ide.mcu.externaltools.gnu-tools-for-stm32.13.3.rel1.win32_1.0.0.202411081344/tools/bin/../lib/gcc/arm-none-eabi/13.3.1/thumb/v6-m/nofp/crtbegin.o
 .ARM.attributes
                0x0000004a       0x2c ./Src/main.o
 .ARM.attributes
                0x00000076       0x22 ./Startup/startup_stm32l053r8tx.o
 .ARM.attributes
                0x00000098       0x2c C:/ST/STM32CubeIDE_1.19.0/STM32CubeIDE/plugins/com.st.stm32cube.ide.mcu.externaltools.gnu-tools-for-stm32.13.3.rel1.win32_1.0.0.202411081344/tools/bin/../lib/gcc/arm-none-eabi/13.3.1/../../../../arm-none-eabi/lib/thumb/v6-m/nofp\libc_nano.a(libc_a-init.o)
 .ARM.attributes
                0x000000c4       0x1e C:/ST/STM32CubeIDE_1.19.0/STM32CubeIDE/plugins/com.st.stm32cube.ide.mcu.externaltools.gnu-tools-for-stm32.13.3.rel1.win32_1.0.0.202411081344/tools/bin/../lib/gcc/arm-none-eabi/13.3.1/thumb/v6-m/nofp\libgcc.a(_udivsi3.o)
 .ARM.attributes
                0x000000e2       0x1e C:/ST/STM32CubeIDE_1.19.0/STM32CubeIDE/plugins/com.st.stm32cube.ide.mcu.externaltools.gnu-tools-for-stm32.13.3.rel1.win32_1.0.0.202411081344/tools/bin/../lib/gcc/arm-none-eabi/13.3.1/thumb/v6-m/nofp\libgcc.a(_dvmd_tls.o)
 .ARM.attributes
                0x00000100       0x1e C:/ST/STM32CubeIDE_1.19.0/STM32CubeIDE/plugins/com.st.stm32cube.ide.mcu.externaltools.gnu-tools-for-stm32.13.3.rel1.win32_1.0.0.202411081344/tools/bin/../lib/gcc/arm-none-eabi/13.3.1/thumb/v6-m/nofp/crtn.o
OUTPUT(Lavadora_P3.elf elf32-littlearm)
LOAD linker stubs
LOAD C:/ST/STM32CubeIDE_1.19.0/STM32CubeIDE/plugins/com.st.stm32cube.ide.mcu.externaltools.gnu-tools-for-stm32.13.3.rel1.win32_1.0.0.202411081344/tools/bin/../lib/gcc/arm-none-eabi/13.3.1/../../../../arm-none-eabi/lib/thumb/v6-m/nofp\libc.a
LOAD C:/ST/STM32CubeIDE_1.19.0/STM32CubeIDE/plugins/com.st.stm32cube.ide.mcu.externaltools.gnu-tools-for-stm32.13.3.rel1.win32_1.0.0.202411081344/tools/bin/../lib/gcc/arm-none-eabi/13.3.1/../../../../arm-none-eabi/lib/thumb/v6-m/nofp\libm.a
LOAD C:/ST/STM32CubeIDE_1.19.0/STM32CubeIDE/plugins/com.st.stm32cube.ide.mcu.externaltools.gnu-tools-for-stm32.13.3.rel1.win32_1.0.0.202411081344/tools/bin/../lib/gcc/arm-none-eabi/13.3.1/thumb/v6-m/nofp\libgcc.a

.debug_info     0x00000000      0xee0
 .debug_info    0x00000000      0xeb0 ./Src/main.o
 .debug_info    0x00000eb0       0x30 ./Startup/startup_stm32l053r8tx.o

.debug_abbrev   0x00000000      0x2d4
 .debug_abbrev  0x00000000      0x2b0 ./Src/main.o
 .debug_abbrev  0x000002b0       0x24 ./Startup/startup_stm32l053r8tx.o

.debug_aranges  0x00000000      0x120
 .debug_aranges
                0x00000000       0xf8 ./Src/main.o
 .debug_aranges
                0x000000f8       0x28 ./Startup/startup_stm32l053r8tx.o

.debug_rnglists
                0x00000000       0xf0
 .debug_rnglists
                0x00000000       0xd7 ./Src/main.o
 .debug_rnglists
                0x000000d7       0x19 ./Startup/startup_stm32l053r8tx.o

.debug_macro    0x00000000     0xc11c
 .debug_macro   0x00000000      0x1f4 ./Src/main.o
 .debug_macro   0x000001f4      0xaba ./Src/main.o
 .debug_macro   0x00000cae       0x22 ./Src/main.o
 .debug_macro   0x00000cd0       0x8e ./Src/main.o
 .debug_macro   0x00000d5e       0x51 ./Src/main.o
 .debug_macro   0x00000daf      0x103 ./Src/main.o
 .debug_macro   0x00000eb2       0x6a ./Src/main.o
 .debug_macro   0x00000f1c      0x1df ./Src/main.o
 .debug_macro   0x000010fb       0x61 ./Src/main.o
 .debug_macro   0x0000115c       0x24 ./Src/main.o
 .debug_macro   0x00001180       0x43 ./Src/main.o
 .debug_macro   0x000011c3       0x34 ./Src/main.o
 .debug_macro   0x000011f7      0x190 ./Src/main.o
 .debug_macro   0x00001387      0x370 ./Src/main.o
 .debug_macro   0x000016f7       0x16 ./Src/main.o
 .debug_macro   0x0000170d       0x4a ./Src/main.o
 .debug_macro   0x00001757       0x34 ./Src/main.o
 .debug_macro   0x0000178b       0x10 ./Src/main.o
 .debug_macro   0x0000179b       0x58 ./Src/main.o
 .debug_macro   0x000017f3       0x8e ./Src/main.o
 .debug_macro   0x00001881       0x1c ./Src/main.o
 .debug_macro   0x0000189d      0x185 ./Src/main.o
 .debug_macro   0x00001a22       0x10 ./Src/main.o
 .debug_macro   0x00001a32       0x3c ./Src/main.o
 .debug_macro   0x00001a6e       0x20 ./Src/main.o
 .debug_macro   0x00001a8e       0x28 ./Src/main.o
 .debug_macro   0x00001ab6       0x1c ./Src/main.o
 .debug_macro   0x00001ad2       0x22 ./Src/main.o
 .debug_macro   0x00001af4       0xdd ./Src/main.o
 .debug_macro   0x00001bd1      0x4da ./Src/main.o
 .debug_macro   0x000020ab      0x11f ./Src/main.o
 .debug_macro   0x000021ca     0x9f52 ./Src/main.o

.debug_line     0x00000000     0x14be
 .debug_line    0x00000000     0x1443 ./Src/main.o
 .debug_line    0x00001443       0x7b ./Startup/startup_stm32l053r8tx.o

.debug_str      0x00000000    0x41865
 .debug_str     0x00000000    0x41865 ./Src/main.o
                              0x41b45 (size before relaxing)
 .debug_str     0x00041865       0xa0 ./Startup/startup_stm32l053r8tx.o

.comment        0x00000000       0x43
 .comment       0x00000000       0x43 ./Src/main.o
                                 0x44 (size before relaxing)

.debug_frame    0x00000000      0x3ac
 .debug_frame   0x00000000      0x360 ./Src/main.o
 .debug_frame   0x00000360       0x2c C:/ST/STM32CubeIDE_1.19.0/STM32CubeIDE/plugins/com.st.stm32cube.ide.mcu.externaltools.gnu-tools-for-stm32.13.3.rel1.win32_1.0.0.202411081344/tools/bin/../lib/gcc/arm-none-eabi/13.3.1/../../../../arm-none-eabi/lib/thumb/v6-m/nofp\libc_nano.a(libc_a-init.o)
 .debug_frame   0x0000038c       0x20 C:/ST/STM32CubeIDE_1.19.0/STM32CubeIDE/plugins/com.st.stm32cube.ide.mcu.externaltools.gnu-tools-for-stm32.13.3.rel1.win32_1.0.0.202411081344/tools/bin/../lib/gcc/arm-none-eabi/13.3.1/thumb/v6-m/nofp\libgcc.a(_udivsi3.o)

.debug_line_str
                0x00000000       0x84
 .debug_line_str
                0x00000000       0x84 ./Startup/startup_stm32l053r8tx.o
