Archive member included to satisfy reference by file (symbol)

C:/ST/STM32CubeIDE_1.19.0/STM32CubeIDE/plugins/com.st.stm32cube.ide.mcu.externaltools.gnu-tools-for-stm32.13.3.rel1.win32_1.0.0.202411081344/tools/bin/../lib/gcc/arm-none-eabi/13.3.1/../../../../arm-none-eabi/lib/thumb/v6-m/nofp\libc_nano.a(libc_a-exit.o)
                              C:/ST/STM32CubeIDE_1.19.0/STM32CubeIDE/plugins/com.st.stm32cube.ide.mcu.externaltools.gnu-tools-for-stm32.13.3.rel1.win32_1.0.0.202411081344/tools/bin/../lib/gcc/arm-none-eabi/13.3.1/../../../../arm-none-eabi/lib/thumb/v6-m/nofp/crt0.o (exit)
C:/ST/STM32CubeIDE_1.19.0/STM32CubeIDE/plugins/com.st.stm32cube.ide.mcu.externaltools.gnu-tools-for-stm32.13.3.rel1.win32_1.0.0.202411081344/tools/bin/../lib/gcc/arm-none-eabi/13.3.1/../../../../arm-none-eabi/lib/thumb/v6-m/nofp\libc_nano.a(libc_a-findfp.o)
                              C:/ST/STM32CubeIDE_1.19.0/STM32CubeIDE/plugins/com.st.stm32cube.ide.mcu.externaltools.gnu-tools-for-stm32.13.3.rel1.win32_1.0.0.202411081344/tools/bin/../lib/gcc/arm-none-eabi/13.3.1/../../../../arm-none-eabi/lib/thumb/v6-m/nofp\libc_nano.a(libc_a-exit.o) (__stdio_exit_handler)
C:/ST/STM32CubeIDE_1.19.0/STM32CubeIDE/plugins/com.st.stm32cube.ide.mcu.externaltools.gnu-tools-for-stm32.13.3.rel1.win32_1.0.0.202411081344/tools/bin/../lib/gcc/arm-none-eabi/13.3.1/../../../../arm-none-eabi/lib/thumb/v6-m/nofp\libc_nano.a(libc_a-fwalk.o)
                              C:/ST/STM32CubeIDE_1.19.0/STM32CubeIDE/plugins/com.st.stm32cube.ide.mcu.externaltools.gnu-tools-for-stm32.13.3.rel1.win32_1.0.0.202411081344/tools/bin/../lib/gcc/arm-none-eabi/13.3.1/../../../../arm-none-eabi/lib/thumb/v6-m/nofp\libc_nano.a(libc_a-findfp.o) (_fwalk_sglue)
C:/ST/STM32CubeIDE_1.19.0/STM32CubeIDE/plugins/com.st.stm32cube.ide.mcu.externaltools.gnu-tools-for-stm32.13.3.rel1.win32_1.0.0.202411081344/tools/bin/../lib/gcc/arm-none-eabi/13.3.1/../../../../arm-none-eabi/lib/thumb/v6-m/nofp\libc_nano.a(libc_a-stdio.o)
                              C:/ST/STM32CubeIDE_1.19.0/STM32CubeIDE/plugins/com.st.stm32cube.ide.mcu.externaltools.gnu-tools-for-stm32.13.3.rel1.win32_1.0.0.202411081344/tools/bin/../lib/gcc/arm-none-eabi/13.3.1/../../../../arm-none-eabi/lib/thumb/v6-m/nofp\libc_nano.a(libc_a-findfp.o) (__sread)
C:/ST/STM32CubeIDE_1.19.0/STM32CubeIDE/plugins/com.st.stm32cube.ide.mcu.externaltools.gnu-tools-for-stm32.13.3.rel1.win32_1.0.0.202411081344/tools/bin/../lib/gcc/arm-none-eabi/13.3.1/../../../../arm-none-eabi/lib/thumb/v6-m/nofp\libc_nano.a(libc_a-memset.o)
                              C:/ST/STM32CubeIDE_1.19.0/STM32CubeIDE/plugins/com.st.stm32cube.ide.mcu.externaltools.gnu-tools-for-stm32.13.3.rel1.win32_1.0.0.202411081344/tools/bin/../lib/gcc/arm-none-eabi/13.3.1/../../../../arm-none-eabi/lib/thumb/v6-m/nofp/crt0.o (memset)
C:/ST/STM32CubeIDE_1.19.0/STM32CubeIDE/plugins/com.st.stm32cube.ide.mcu.externaltools.gnu-tools-for-stm32.13.3.rel1.win32_1.0.0.202411081344/tools/bin/../lib/gcc/arm-none-eabi/13.3.1/../../../../arm-none-eabi/lib/thumb/v6-m/nofp\libc_nano.a(libc_a-closer.o)
                              C:/ST/STM32CubeIDE_1.19.0/STM32CubeIDE/plugins/com.st.stm32cube.ide.mcu.externaltools.gnu-tools-for-stm32.13.3.rel1.win32_1.0.0.202411081344/tools/bin/../lib/gcc/arm-none-eabi/13.3.1/../../../../arm-none-eabi/lib/thumb/v6-m/nofp\libc_nano.a(libc_a-stdio.o) (_close_r)
C:/ST/STM32CubeIDE_1.19.0/STM32CubeIDE/plugins/com.st.stm32cube.ide.mcu.externaltools.gnu-tools-for-stm32.13.3.rel1.win32_1.0.0.202411081344/tools/bin/../lib/gcc/arm-none-eabi/13.3.1/../../../../arm-none-eabi/lib/thumb/v6-m/nofp\libc_nano.a(libc_a-reent.o)
                              C:/ST/STM32CubeIDE_1.19.0/STM32CubeIDE/plugins/com.st.stm32cube.ide.mcu.externaltools.gnu-tools-for-stm32.13.3.rel1.win32_1.0.0.202411081344/tools/bin/../lib/gcc/arm-none-eabi/13.3.1/../../../../arm-none-eabi/lib/thumb/v6-m/nofp\libc_nano.a(libc_a-closer.o) (errno)
C:/ST/STM32CubeIDE_1.19.0/STM32CubeIDE/plugins/com.st.stm32cube.ide.mcu.externaltools.gnu-tools-for-stm32.13.3.rel1.win32_1.0.0.202411081344/tools/bin/../lib/gcc/arm-none-eabi/13.3.1/../../../../arm-none-eabi/lib/thumb/v6-m/nofp\libc_nano.a(libc_a-impure.o)
                              C:/ST/STM32CubeIDE_1.19.0/STM32CubeIDE/plugins/com.st.stm32cube.ide.mcu.externaltools.gnu-tools-for-stm32.13.3.rel1.win32_1.0.0.202411081344/tools/bin/../lib/gcc/arm-none-eabi/13.3.1/../../../../arm-none-eabi/lib/thumb/v6-m/nofp\libc_nano.a(libc_a-reent.o) (_impure_ptr)
C:/ST/STM32CubeIDE_1.19.0/STM32CubeIDE/plugins/com.st.stm32cube.ide.mcu.externaltools.gnu-tools-for-stm32.13.3.rel1.win32_1.0.0.202411081344/tools/bin/../lib/gcc/arm-none-eabi/13.3.1/../../../../arm-none-eabi/lib/thumb/v6-m/nofp\libc_nano.a(libc_a-lseekr.o)
[...]
Memory Configuration

Name             Origin             Length             Attributes
RAM              0x20000000         0x00002000         xrw
FLASH            0x08000000         0x00010000         xr
*default*        0x00000000         0xffffffff

Linker script and memory map

LOAD C:/ST/STM32CubeIDE_1.19.0/STM32CubeIDE/plugins/com.st.stm32cube.ide.mcu.externaltools.gnu-tools-for-stm32.13.3.rel1.win32_1.0.0.202411081344/tools/bin/../lib/gcc/arm-none-eabi/13.3.1/thumb/v6-m/nofp/crti.o
LOAD C:/ST/STM32CubeIDE_1.19.0/STM32CubeIDE/plugins/com.st.stm32cube.ide.mcu.externaltools.gnu-tools-for-stm32.13.3.rel1.win32_1.0.0.202411081344/tools/bin/../lib/gcc/arm-none-eabi/13.3.1/thumb/v6-m/nofp/crtbegin.o
LOAD C:/ST/STM32CubeIDE_1.19.0/STM32CubeIDE/plugins/com.st.stm32cube.ide.mcu.externaltools.gnu-tools-for-stm32.13.3.rel1.win32_1.0.0.202411081344/tools/bin/../lib/gcc/arm-none-eabi/13.3.1/../../../../arm-none-eabi/lib/thumb/v6-m/nofp/crt0.o
LOAD ./Src/main.o
LOAD ./Src/syscalls.o
LOAD ./Src/sysmem.o
LOAD ./Startup/startup_stm32l053r8tx.o
START GROUP
LOAD C:/ST/STM32CubeIDE_1.19.0/STM32CubeIDE/plugins/com.st.stm32cube.ide.mcu.externaltools.gnu-tools-for-stm32.13.3.rel1.win32_1.0.0.202411081344/tools/bin/../lib/gcc/arm-none-eabi/13.3.1/../../../../arm-none-eabi/lib/thumb/v6-m/nofp\libc_nano.a
LOAD C:/ST/STM32CubeIDE_1.19.0/STM32CubeIDE/plugins/com.st.stm32cube.ide.mcu.externaltools.gnu-tools-for-stm32.13.3.rel1.win32_1.0.0.202411081344/tools/bin/../lib/gcc/arm-none-eabi/13.3.1/../../../../arm-none-eabi/lib/thumb/v6-m/nofp\libm.a
END GROUP
START GROUP
LOAD C:/ST/STM32CubeIDE_1.19.0/STM32CubeIDE/plugins/com.st.stm32cube.ide.mcu.externaltools.gnu-tools-for-stm32.13.3.rel1.win32_1.0.0.202411081344/tools/bin/../lib/gcc/arm-none-eabi/13.3.1/thumb/v6-m/nofp\libgcc.a
LOAD C:/ST/STM32CubeIDE_1.19.0/STM32CubeIDE/plugins/com.st.stm32cube.ide.mcu.externaltools.gnu-tools-for-stm32.13.3.rel1.win32_1.0.0.202411081344/tools/bin/../lib/gcc/arm-none-eabi/13.3.1/../../../../arm-none-eabi/lib/thumb/v6-m/nofp\libc_nano.a
END GROUP
START GROUP
LOAD C:/ST/STM32CubeIDE_1.19.0/STM32CubeIDE/plugins/com.st.stm32cube.ide.mcu.externaltools.gnu-tools-for-stm32.13.3.rel1.win32_1.0.0.202411081344/tools/bin/../lib/gcc/arm-none-eabi/13.3.1/thumb/v6-m/nofp\libgcc.a
LOAD C:/ST/STM32CubeIDE_1.19.0/STM32CubeIDE/plugins/com.st.stm32cube.ide.mcu.externaltools.gnu-tools-for-stm32.13.3.rel1.win32_1.0.0.202411081344/tools/bin/../lib/gcc/arm-none-eabi/13.3.1/../../../../arm-none-eabi/lib/thumb/v6-m/nofp\libc_nano.a
LOAD C:/ST/STM32CubeIDE_1.19.0/STM32CubeIDE/plugins/com.st.stm32cube.ide.mcu.externaltools.gnu-tools-for-stm32.13.3.rel1.win32_1.0.0.202411081344/tools/bin/../lib/gcc/arm-none-eabi/13.3.1/../../../../arm-none-eabi/lib/thumb/v6-m/nofp\libnosys.a
END GROUP
START GROUP
LOAD C:/ST/STM32CubeIDE_1.19.0/STM32CubeIDE/plugins/com.st.stm32cube.ide.mcu.externaltools.gnu-tools-for-stm32.13.3.rel1.win32_1.0.0.202411081344/tools/bin/../lib/gcc/arm-none-eabi/13.3.1/thumb/v6-m/nofp\libgcc.a
LOAD C:/ST/STM32CubeIDE_1.19.0/STM32CubeIDE/plugins/com.st.stm32cube.ide.mcu.externaltools.gnu-tools-for-stm32.13.3.rel1.win32_1.0.0.202411081344/tools/bin/../lib/gcc/arm-none-eabi/13.3.1/../../../../arm-none-eabi/lib/thumb/v6-m/nofp\libc_nano.a
LOAD C:/ST/STM32CubeIDE_1.19.0/STM32CubeIDE/plugins/com.st.stm32cube.ide.mcu.externaltools.gnu-tools-for-stm32.13.3.rel1.win32_1.0.0.202411081344/tools/bin/../lib/gcc/arm-none-eabi/13.3.1/../../../../arm-none-eabi/lib/thumb/v6-m/nofp\libnosys.a
END GROUP
LOAD C:/ST/STM32CubeIDE_1.19.0/STM32CubeIDE/plugins/com.st.stm32cube.ide.mcu.externaltools.gnu-tools-for-stm32.13.3.rel1.win32_1.0.0.202411081344/tools/bin/../lib/gcc/arm-none-eabi/13.3.1/thumb/v6-m/nofp/crtend.o
LOAD C:/ST/STM32CubeIDE_1.19.0/STM32CubeIDE/plugins/com.st.stm32cube.ide.mcu.externaltools.gnu-tools-for-stm32.13.3.rel1.win32_1.0.0.202411081344/tools/bin/../lib/gcc/arm-none-eabi/13.3.1/thumb/v6-m/nofp/crtn.o
                0x20002000                        _estack = (ORIGIN (RAM) + LENGTH (RAM))
                0x00000200                        _Min_Heap_Size = 0x200
                0x00000400                        _Min_Stack_Size = 0x400

.isr_vector     0x08000000       0xc0
                0x08000000                        . = ALIGN (0x4)
 *(.isr_vector)
 .isr_vector    0x08000000       0xc0 ./Startup/startup_stm32l053r8tx.o
                0x08000000                g_pfnVectors
                0x080000c0                        . = ALIGN (0x4)

.text           0x080000c0     0x1614
                0x080000c0                        . = ALIGN (0x4)
 *(.text)
 .text          0x080000c0       0x48 C:/ST/STM32CubeIDE_1.19.0/STM32CubeIDE/plugins/com.st.stm32cube.ide.mcu.externaltools.gnu-tools-for-stm32.13.3.rel1.win32_1.0.0.202411081344/tools/bin/../lib/gcc/arm-none-eabi/13.3.1/thumb/v6-m/nofp/crtbegin.o
 .text          0x08000108      0x114 C:/ST/STM32CubeIDE_1.19.0/STM32CubeIDE/plugins/com.st.stm32cube.ide.mcu.externaltools.gnu-tools-for-stm32.13.3.rel1.win32_1.0.0.202411081344/tools/bin/../lib/gcc/arm-none-eabi/13.3.1/thumb/v6-m/nofp\libgcc.a(_udivsi3.o)
                0x08000108                __aeabi_uidiv
                0x08000108                __udivsi3
                0x08000214                __aeabi_uidivmod
 .text          0x0800021c        0x4 C:/ST/STM32CubeIDE_1.19.0/STM32CubeIDE/plugins/com.st.stm32cube.ide.mcu.externaltools.gnu-tools-for-stm32.13.3.rel1.win32_1.0.0.202411081344/tools/bin/../lib/gcc/arm-none-eabi/13.3.1/thumb/v6-m/nofp\libgcc.a(_dvmd_tls.o)
                0x0800021c                __aeabi_idiv0
                0x0800021c                __aeabi_ldiv0
 *(.text*)
 .text.__NVIC_EnableIRQ
                0x08000220       0x34 ./Src/main.o
 .text.system_init
                0x08000254      0x498 ./Src/main.o
                0x08000254                system_init
 .text.lavado   0x080006ec       0x74 ./Src/main.o
                0x080006ec                lavado
 .text.enjuague
                0x08000760       0xd4 ./Src/main.o
                0x08000760                enjuague
 .text.centrifugado
                0x08000834       0x74 ./Src/main.o
                0x08000834                centrifugado
 .text.LCD_SendNibble
                0x080008a8       0x5a ./Src/main.o
                0x080008a8                LCD_SendNibble
 .text.LCD_SendByte
                0x08000902       0x54 ./Src/main.o
                0x08000902                LCD_SendByte
 *fill*         0x08000956        0x2 
 .text.LCD_Service_1ms
                0x08000958      0x190 ./Src/main.o
                0x08000958                LCD_Service_1ms
 .text.LCD_PrintNew
                0x08000ae8       0x30 ./Src/main.o
                0x08000ae8                LCD_PrintNew
 .text.tecla_activa
                0x08000b18      0x164 ./Src/main.o
                0x08000b18                tecla_activa
 .text.parser   0x08000c7c       0x54 ./Src/main.o
                0x08000c7c                parser
 .text.print_display
                0x08000cd0      0x17c ./Src/main.o
                0x08000cd0                print_display
 .text.actualizar_display_desde_segundos
                0x08000e4c       0x94 ./Src/main.o
                0x08000e4c                actualizar_display_desde_segundos
 .text.clk_inverso
                0x08000ee0       0x7c ./Src/main.o
                0x08000ee0                clk_inverso
 .text.USART2_write_char
                0x08000f5c       0x2c ./Src/main.o
                0x08000f5c                USART2_write_char
 .text.USART2_write_string
                0x08000f88       0x2a ./Src/main.o
                0x08000f88                USART2_write_string
 *fill*         0x08000fb2        0x2 
 .text.selec_ciclo
                0x08000fb4      0x104 ./Src/main.o
                0x08000fb4                selec_ciclo
 .text.control_etapa
                0x080010b8       0x38 ./Src/main.o
                0x080010b8                control_etapa
 .text.TIM21_IRQHandler
                0x080010f0      0x114 ./Src/main.o
                0x080010f0                TIM21_IRQHandler
 .text.TIM22_IRQHandler
                0x08001204      0x1e4 ./Src/main.o
                0x08001204                TIM22_IRQHandler
 .text.EXTI0_1_IRQHandler
                0x080013e8       0x84 ./Src/main.o
                0x080013e8                EXTI0_1_IRQHandler
 .text.EXTI4_15_IRQHandler
                0x0800146c      0x1a8 ./Src/main.o
                0x0800146c                EXTI4_15_IRQHandler
 .text.main     0x08001614        0xc ./Src/main.o
                0x08001614                main
 .text.Reset_Handler
                0x08001620       0x50 ./Startup/startup_stm32l053r8tx.o
                0x08001620                Reset_Handler
 .text.Default_Handler
                0x08001670        0x2 ./Startup/startup_stm32l053r8tx.o
                0x08001670                TSC_IRQHandler
                0x08001670                HardFault_Handler
                0x08001670                SysTick_Handler
                0x08001670                PVD_IRQHandler
                0x08001670                PendSV_Handler
                0x08001670                NMI_Handler
                0x08001670                I2C1_IRQHandler
                0x08001670                USART4_USART5_IRQHandler
                0x08001670                SPI1_IRQHandler
                0x08001670                TIM6_DAC_IRQHandler
                0x08001670                EXTI2_3_IRQHandler
                0x08001670                I2C2_IRQHandler
                0x08001670                RTC_IRQHandler
                0x08001670                LCD_IRQHandler
                0x08001670                TIM3_IRQHandler
                0x08001670                RCC_IRQHandler
                0x08001670                DMA1_Channel1_IRQHandler
                0x08001670                Default_Handler
                0x08001670                TIM7_IRQHandler
                0x08001670                USB_IRQHandler
                0x08001670                I2C3_IRQHandler
                0x08001670                SPI2_IRQHandler
                0x08001670                SVC_Handler
                0x08001670                WWDG_IRQHandler
                0x08001670                TIM2_IRQHandler
                0x08001670                DMA1_Channel2_3_IRQHandler
                0x08001670                ADC_COMP_IRQHandler
                0x08001670                USART2_IRQHandler
                0x08001670                DMA1_Channel4_7_IRQHandler
                0x08001670                USART1_IRQHandler
                0x08001670                LPTIM1_IRQHandler
 *fill*         0x08001672        0x2 
 .text.__libc_init_array
                0x08001674       0x48 C:/ST/STM32CubeIDE_1.19.0/STM32CubeIDE/plugins/com.st.stm32cube.ide.mcu.externaltools.gnu-tools-for-stm32.13.3.rel1.win32_1.0.0.202411081344/tools/bin/../lib/gcc/arm-none-eabi/13.3.1/../../../../arm-none-eabi/lib/thumb/v6-m/nofp\libc_nano.a(libc_a-init.o)
                0x08001674                __libc_init_array
 *(.glue_7)
 .glue_7        0x080016bc        0x0 linker stubs
 *(.glue_7t)
 .glue_7t       0x080016bc        0x0 linker stubs
 *(.eh_frame)
 .eh_frame      0x080016bc        0x0 C:/ST/STM32CubeIDE_1.19.0/STM32CubeIDE/plugins/com.st.stm32cube.ide.mcu.externaltools.gnu-tools-for-stm32.13.3.rel1.win32_1.0.0.202411081344/tools/bin/../lib/gcc/arm-none-eabi/13.3.1/thumb/v6-m/nofp/crtbegin.o
 *(.init)
 .init          0x080016bc        0x4 C:/ST/STM32CubeIDE_1.19.0/STM32CubeIDE/plugins/com.st.stm32cube.ide.mcu.externaltools.gnu-tools-for-stm32.13.3.rel1.win32_1.0.0.202411081344/tools/bin/../lib/gcc/arm-none-eabi/13.3.1/thumb/v6-m/nofp/crti.o
                0x080016bc                _init
 .init          0x080016c0        0x8 C:/ST/STM32CubeIDE_1.19.0/STM32CubeIDE/plugins/com.st.stm32cube.ide.mcu.externaltools.gnu-tools-for-stm32.13.3.rel1.win32_1.0.0.202411081344/tools/bin/../lib/gcc/arm-none-eabi/13.3.1/thumb/v6-m/nofp/crtn.o
 *(.fini)
 .fini          0x080016c8        0x4 C:/ST/STM32CubeIDE_1.19.0/STM32CubeIDE/plugins/com.st.stm32cube.ide.mcu.externaltools.gnu-tools-for-stm32.13.3.rel1.win32_1.0.0.202411081344/tools/bin/../lib/gcc/arm-none-eabi/13.3.1/thumb/v6-m/nofp/crti.o
                0x080016c8                _fini
 .fini          0x080016cc        0x8 C:/ST/STM32CubeIDE_1.19.0/STM32CubeIDE/plugins/com.st.stm32cube.ide.mcu.externaltools.gnu-tools-for-stm32.13.3.rel1.win32_1.0.0.202411081344/tools/bin/../lib/gcc/arm-none-eabi/13.3.1/thumb/v6-m/nofp/crtn.o
                0x080016d4                        . = ALIGN (0x4)
                0x080016d4                        _etext = .

.vfp11_veneer   0x080016d4        0x0
 .vfp11_veneer  0x080016d4        0x0 linker stubs

.v4_bx          0x080016d4        0x0
 .v4_bx         0x080016d4        0x0 linker stubs

.iplt           0x080016d4        0x0
 .iplt          0x080016d4        0x0 C:/ST/STM32CubeIDE_1.19.0/STM32CubeIDE/plugins/com.st.stm32cube.ide.mcu.externaltools.gnu-tools-for-stm32.13.3.rel1.win32_1.0.0.202411081344/tools/bin/../lib/gcc/arm-none-eabi/13.3.1/thumb/v6-m/nofp/crtbegin.o

.rodata         0x080016d4      0x29c
                0x080016d4                        . = ALIGN (0x4)
 *(.rodata)
 .rodata        0x080016d4      0x249 ./Src/main.o
 *(.rodata*)
 *fill*         0x0800191d        0x3 
 .rodata.LCD_Service_1ms
                0x08001920       0x28 ./Src/main.o
 .rodata.parser
                0x08001948       0x28 ./Src/main.o
                0x08001970                        . = ALIGN (0x4)

.ARM.extab      0x08001970        0x0
                0x08001970                        . = ALIGN (0x4)
 *(.ARM.extab* .gnu.linkonce.armextab.*)
                0x08001970                        . = ALIGN (0x4)

.ARM            0x08001970        0x0
                0x08001970                        . = ALIGN (0x4)
                0x08001970                        __exidx_start = .
 *(.ARM.exidx*)
                0x08001970                        __exidx_end = .
                0x08001970                        . = ALIGN (0x4)

.preinit_array  0x08001970        0x0
                0x08001970                        . = ALIGN (0x4)
                0x08001970                        PROVIDE (__preinit_array_start = .)
 *(.preinit_array*)
                0x08001970                        PROVIDE (__preinit_array_end = .)
                0x08001970                        . = ALIGN (0x4)

.init_array     0x08001970        0x4
                0x08001970                        . = ALIGN (0x4)
                0x08001970                        PROVIDE (__init_array_start = .)
 *(SORT_BY_NAME(.init_array.*))
 *(.init_array*)
 .init_array    0x08001970        0x4 C:/ST/STM32CubeIDE_1.19.0/STM32CubeIDE/plugins/com.st.stm32cube.ide.mcu.externaltools.gnu-tools-for-stm32.13.3.rel1.win32_1.0.0.202411081344/tools/bin/../lib/gcc/arm-none-eabi/13.3.1/thumb/v6-m/nofp/crtbegin.o
                0x08001974                        PROVIDE (__init_array_end = .)
                0x08001974                        . = ALIGN (0x4)

.fini_array     0x08001974        0x4
                0x08001974                        . = ALIGN (0x4)
                [!provide]                        PROVIDE (__fini_array_start = .)
 *(SORT_BY_NAME(.fini_array.*))
 *(.fini_array*)
 .fini_array    0x08001974        0x4 C:/ST/STM32CubeIDE_1.19.0/STM32CubeIDE/plugins/com.st.stm32cube.ide.mcu.externaltools.gnu-tools-for-stm32.13.3.rel1.win32_1.0.0.202411081344/tools/bin/../lib/gcc/arm-none-eabi/13.3.1/thumb/v6-m/nofp/crtbegin.o
                [!provide]                        PROVIDE (__fini_array_end = .)
                0x08001978                        . = ALIGN (0x4)
                0x08001978                        _sidata = LOADADDR (.data)

.rel.dyn        0x08001978        0x0
 .rel.iplt      0x08001978        0x0 C:/ST/STM32CubeIDE_1.19.0/STM32CubeIDE/plugins/com.st.stm32cube.ide.mcu.externaltools.gnu-tools-for-stm32.13.3.rel1.win32_1.0.0.202411081344/tools/bin/../lib/gcc/arm-none-eabi/13.3.1/thumb/v6-m/nofp/crtbegin.o

.data           0x20000000        0xc load address 0x08001978
                0x20000000                        . = ALIGN (0x4)
                0x20000000                        _sdata = .
 *(.data)
 *(.data*)
 .data.sentido  0x20000000        0x1 ./Src/main.o
                0x20000000                sentido
 *fill*         0x20000001        0x3 
 .data.lcd_text
                0x20000004        0x4 ./Src/main.o
                0x20000004                lcd_text
 .data.pwm_actual.6
                0x20000008        0x1 ./Src/main.o
 *(.RamFunc)
 *(.RamFunc*)
                0x2000000c                        . = ALIGN (0x4)
 *fill*         0x20000009        0x3 
                0x2000000c                        _edata = .

.igot.plt       0x2000000c        0x0 load address 0x08001984
 .igot.plt      0x2000000c        0x0 C:/ST/STM32CubeIDE_1.19.0/STM32CubeIDE/plugins/com.st.stm32cube.ide.mcu.externaltools.gnu-tools-for-stm32.13.3.rel1.win32_1.0.0.202411081344/tools/bin/../lib/gcc/arm-none-eabi/13.3.1/thumb/v6-m/nofp/crtbegin.o
                0x2000000c                        . = ALIGN (0x4)

.bss            0x2000000c       0x48 load address 0x08001984
                0x2000000c                        _sbss = .
                0x2000000c                        __bss_start__ = _sbss
 *(.bss)
 .bss           0x2000000c       0x1c C:/ST/STM32CubeIDE_1.19.0/STM32CubeIDE/plugins/com.st.stm32cube.ide.mcu.externaltools.gnu-tools-for-stm32.13.3.rel1.win32_1.0.0.202411081344/tools/bin/../lib/gcc/arm-none-eabi/13.3.1/thumb/v6-m/nofp/crtbegin.o
 *(.bss*)
 .bss.segundos_etapa
                0x20000028        0x2 ./Src/main.o
                0x20000028                segundos_etapa
 .bss.etapa     0x2000002a        0x1 ./Src/main.o
                0x2000002a                etapa
 .bss.lcd_state
                0x2000002b        0x1 ./Src/main.o
                0x2000002b                lcd_state
 .bss.lcd_step  0x2000002c        0x1 ./Src/main.o
                0x2000002c                lcd_step
 *fill*         0x2000002d        0x3 
 .bss.tick_ms   0x20000030        0x4 ./Src/main.o
                0x20000030                tick_ms
 .bss.lcd_index
                0x20000034        0x1 ./Src/main.o
                0x20000034                lcd_index
 .bss.fin_ciclo_tick
                0x20000035        0x1 ./Src/main.o
                0x20000035                fin_ciclo_tick
 .bss.ciclo     0x20000036        0x1 ./Src/main.o
                0x20000036                ciclo
 .bss.ciclo_prev
                0x20000037        0x1 ./Src/main.o
                0x20000037                ciclo_prev
 .bss.display_clk
                0x20000038        0x4 ./Src/main.o
                0x20000038                display_clk
 .bss.en_control
                0x2000003c        0x1 ./Src/main.o
                0x2000003c                en_control
 .bss.tick_seg  0x2000003d        0x1 ./Src/main.o
                0x2000003d                tick_seg
 .bss.ciclo_activo
                0x2000003e        0x1 ./Src/main.o
                0x2000003e                ciclo_activo
 *fill*         0x2000003f        0x1 
 .bss.tiempo_total
                0x20000040        0x2 ./Src/main.o
                0x20000040                tiempo_total
 .bss.buzzer_ms
                0x20000042        0x2 ./Src/main.o
                0x20000042                buzzer_ms
 .bss.last_toggle.5
                0x20000044        0x4 ./Src/main.o
 .bss.sentido_local.4
                0x20000048        0x1 ./Src/main.o
 *fill*         0x20000049        0x1 
 .bss.wait.3    0x2000004a        0x2 ./Src/main.o
 .bss.tecla_anterior.2
                0x2000004c        0x1 ./Src/main.o
 *fill*         0x2000004d        0x1 
 .bss.contador_estable.1
                0x2000004e        0x2 ./Src/main.o
 .bss.toggle.0  0x20000050        0x1 ./Src/main.o
 *(COMMON)
                0x20000054                        . = ALIGN (0x4)
 *fill*         0x20000051        0x3 
                0x20000054                        _ebss = .
                0x20000054                        __bss_end__ = _ebss

._user_heap_stack
                0x20000054      0x604 load address 0x08001984
                0x20000058                        . = ALIGN (0x8)
 *fill*         0x20000054        0x4 
                [!provide]                        PROVIDE (end = .)
                0x20000058                        PROVIDE (_end = .)
                0x20000258                        . = (. + _Min_Heap_Size)
 *fill*         0x20000058      0x200 
                0x20000658                        . = (. + _Min_Stack_Size)
 *fill*         0x20000258      0x400 
                0x20000658                        . = ALIGN (0x8)

/DISCARD/
 libc.a(*)
 libm.a(*)
 libgcc.a(*)

.ARM.attributes
                0x00000000       0x28
 *(.ARM.attributes)
 .ARM.attributes
                0x00000000       0x1e C:/ST/STM32CubeIDE_1.19.0/STM32CubeIDE/plugins/com.st.stm32cube.ide.mcu.externaltools.gnu-tools-for-stm32.13.3.rel1.win32_1.0.0.202411081344/tools/bin/../lib/gcc/arm-none-eabi/13.3.1/thumb/v6-m/nofp/crti.o
 .ARM.attributes
                0x0000001e       0x2c C:/ST/STM32CubeIDE_1.19.0/STM32CubeIDE/plugins/com.st.stm32cube.ide.mcu.externaltools.gnu-tools-for-stm32.13.3.rel1.win32_1.0.0.202411081344/tools/bin/../lib/gcc/arm-none-eabi/13.3.1/thumb/v6-m/nofp/crtbegin.o
 .ARM.attributes
                0x0000004a       0x2c ./Src/main.o
 .ARM.attributes
                0x00000076       0x22 ./Startup/startup_stm32l053r8tx.o
 .ARM.attributes
                0x00000098       0x2c C:/ST/STM32CubeIDE_1.19.0/STM32CubeIDE/plugins/com.st.stm32cube.ide.mcu.externaltools.gnu-tools-for-stm32.13.3.rel1.win32_1.0.0.202411081344/tools/bin/../lib/gcc/arm-none-eabi/13.3.1/../../../../arm-none-eabi/lib/thumb/v6-m/nofp\libc_nano.a(libc_a-init.o)
 .ARM.attributes
                0x000000c4       0x1e C:/ST/STM32CubeIDE_1.19.0/STM32CubeIDE/plugins/com.st.stm32cube.ide.mcu.externaltools.gnu-tools-for-stm32.13.3.rel1.win32_1.0.0.202411081344/tools/bin/../lib/gcc/arm-none-eabi/13.3.1/thumb/v6-m/nofp\libgcc.a(_udivsi3.o)
 .ARM.attributes
                0x000000e2       0x1e C:/ST/STM32CubeIDE_1.19.0/STM32CubeIDE/plugins/com.st.stm32cube.ide.mcu.externaltools.gnu-tools-for-stm32.13.3.rel1.win32_1.0.0.202411081344/tools/bin/../lib/gcc/arm-none-eabi/13.3.1/thumb/v6-m/nofp\libgcc.a(_dvmd_tls.o)
 .ARM.attributes
                0x00000100       0x1e C:/ST/STM32CubeIDE_1.19.0/STM32CubeIDE/plugins/com.st.stm32cube.ide.mcu.externaltools.gnu-tools-for-stm32.13.3.rel1.win32_1.0.0.202411081344/tools/bin/../lib/gcc/arm-none-eabi/13.3.1/thumb/v6-m/nofp/crtn.o
OUTPUT(Lavadora_P3.elf elf32-littlearm)
LOAD linker stubs
LOAD C:/ST/STM32CubeIDE_1.19.0/STM32CubeIDE/plugins/com.st.stm32cube.ide.mcu.externaltools.gnu-tools-for-stm32.13.3.rel1.win32_1.0.0.202411081344/tools/bin/../lib/gcc/arm-none-eabi/13.3.1/../../../../arm-none-eabi/lib/thumb/v6-m/nofp\libc.a
LOAD C:/ST/STM32CubeIDE_1.19.0/STM32CubeIDE/plugins/com.st.stm32cube.ide.mcu.externaltools.gnu-tools-for-stm32.13.3.rel1.win32_1.0.0.202411081344/tools/bin/../lib/gcc/arm-none-eabi/13.3.1/../../../../arm-none-eabi/lib/thumb/v6-m/nofp\libm.a
LOAD C:/ST/STM32CubeIDE_1.19.0/STM32CubeIDE/plugins/com.st.stm32cube.ide.mcu.externaltools.gnu-tools-for-stm32.13.3.rel1.win32_1.0.0.202411081344/tools/bin/../lib/gcc/arm-none-eabi/13.3.1/thumb/v6-m/nofp\libgcc.a

.debug_info     0x00000000      0xd0c
 .debug_info    0x00000000      0xcdc ./Src/main.o
 .debug_info    0x00000cdc       0x30 ./Startup/startup_stm32l053r8tx.o

.debug_abbrev   0x00000000      0x2d2
 .debug_abbrev  0x00000000      0x2ae ./Src/main.o
 .debug_abbrev  0x000002ae       0x24 ./Startup/startup_stm32l053r8tx.o

.debug_aranges  0x00000000      0x100
 .debug_aranges
                0x00000000       0xd8 ./Src/main.o
 .debug_aranges
                0x000000d8       0x28 ./Startup/startup_stm32l053r8tx.o

.debug_rnglists
                0x00000000       0xce
 .debug_rnglists
                0x00000000       0xb5 ./Src/main.o
 .debug_rnglists
                0x000000b5       0x19 ./Startup/startup_stm32l053r8tx.o

.debug_macro    0x00000000     0xc116
 .debug_macro   0x00000000      0x1ee ./Src/main.o
 .debug_macro   0x000001ee      0xaba ./Src/main.o
 .debug_macro   0x00000ca8       0x22 ./Src/main.o
 .debug_macro   0x00000cca       0x8e ./Src/main.o
 .debug_macro   0x00000d58       0x51 ./Src/main.o
 .debug_macro   0x00000da9      0x103 ./Src/main.o
 .debug_macro   0x00000eac       0x6a ./Src/main.o
 .debug_macro   0x00000f16      0x1df ./Src/main.o
 .debug_macro   0x000010f5       0x61 ./Src/main.o
 .debug_macro   0x00001156       0x24 ./Src/main.o
 .debug_macro   0x0000117a       0x43 ./Src/main.o
 .debug_macro   0x000011bd       0x34 ./Src/main.o
 .debug_macro   0x000011f1      0x190 ./Src/main.o
 .debug_macro   0x00001381      0x370 ./Src/main.o
 .debug_macro   0x000016f1       0x16 ./Src/main.o
 .debug_macro   0x00001707       0x4a ./Src/main.o
 .debug_macro   0x00001751       0x34 ./Src/main.o
 .debug_macro   0x00001785       0x10 ./Src/main.o
 .debug_macro   0x00001795       0x58 ./Src/main.o
 .debug_macro   0x000017ed       0x8e ./Src/main.o
 .debug_macro   0x0000187b       0x1c ./Src/main.o
 .debug_macro   0x00001897      0x185 ./Src/main.o
 .debug_macro   0x00001a1c       0x10 ./Src/main.o
 .debug_macro   0x00001a2c       0x3c ./Src/main.o
 .debug_macro   0x00001a68       0x20 ./Src/main.o
 .debug_macro   0x00001a88       0x28 ./Src/main.o
 .debug_macro   0x00001ab0       0x1c ./Src/main.o
 .debug_macro   0x00001acc       0x22 ./Src/main.o
 .debug_macro   0x00001aee       0xdd ./Src/main.o
 .debug_macro   0x00001bcb      0x4da ./Src/main.o
 .debug_macro   0x000020a5      0x11f ./Src/main.o
 .debug_macro   0x000021c4     0x9f52 ./Src/main.o

.debug_line     0x00000000     0x1150
 .debug_line    0x00000000     0x10d5 ./Src/main.o
 .debug_line    0x000010d5       0x7b ./Startup/startup_stm32l053r8tx.o

.debug_str      0x00000000    0x4172e
 .debug_str     0x00000000    0x4172e ./Src/main.o
                              0x41a06 (size before relaxing)
 .debug_str     0x0004172e       0xa0 ./Startup/startup_stm32l053r8tx.o

.comment        0x00000000       0x43
 .comment       0x00000000       0x43 ./Src/main.o
                                 0x44 (size before relaxing)

.debug_frame    0x00000000      0x330
 .debug_frame   0x00000000      0x2e4 ./Src/main.o
 .debug_frame   0x000002e4       0x2c C:/ST/STM32CubeIDE_1.19.0/STM32CubeIDE/plugins/com.st.stm32cube.ide.mcu.externaltools.gnu-tools-for-stm32.13.3.rel1.win32_1.0.0.202411081344/tools/bin/../lib/gcc/arm-none-eabi/13.3.1/../../../../arm-none-eabi/lib/thumb/v6-m/nofp\libc_nano.a(libc_a-init.o)
 .debug_frame   0x00000310       0x20 C:/ST/STM32CubeIDE_1.19.0/STM32CubeIDE/plugins/com.st.stm32cube.ide.mcu.externaltools.gnu-tools-for-stm32.13.3.rel1.win32_1.0.0.202411081344/tools/bin/../lib/gcc/arm-none-eabi/13.3.1/thumb/v6-m/nofp\libgcc.a(_udivsi3.o)

.debug_line_str
                0x00000000       0x84
 .debug_line_str
                0x00000000       0x84 ./Startup/startup_stm32l053r8tx.o
