../Inc/core_cm0plus.h:741:22:__NVIC_EnableIRQ	16	static,ignoring_inline_asm
../Src/main.c:108:6:system_init	8	static
../Src/main.c:289:6:lavado	8	static
../Src/main.c:302:6:enjuague	8	static
../Src/main.c:333:6:centrifugado	8	static
../Src/main.c:346:6:LCD_SendNibble	24	static
../Src/main.c:359:6:LCD_SendByte	16	static
../Src/main.c:365:6:LCD_Service_1ms	8	static
../Src/main.c:422:6:LCD_PrintNew	16	static
../Src/main.c:428:6:LCD_PrintTwoLines	32	static,ignoring_inline_asm
../Src/main.c:448:6:tecla_activa	32	static,ignoring_inline_asm
../Src/main.c:559:9:parser	16	static
../Src/main.c:576:6:print_display	16	static
../Src/main.c:639:6:actualizar_display_desde_minutos	16	static
../Src/main.c:656:6:actualizar_display_desde_segundos	16	static
../Src/main.c:667:6:clk_inverso	8	static
../Src/main.c:691:6:clk_inverso_espera	8	static
../Src/main.c:713:6:USART2_write_char	16	static
../Src/main.c:718:6:USART2_write_string	16	static
../Src/main.c:724:6:USART2_write_uint	32	static
../Src/main.c:742:6:mod_config	16	static,ignoring_inline_asm
../Src/main.c:816:6:selec_ciclo	8	static
../Src/main.c:897:6:control_etapa	8	static
../Src/main.c:914:6:TIM21_IRQHandler	8	static
../Src/main.c:961:6:TIM22_IRQHandler	16	static
../Src/main.c:1032:6:EXTI0_1_IRQHandler	8	static
../Src/main.c:1082:6:EXTI4_15_IRQHandler	16	static
../Src/main.c:1170:5:main	8	static
