../Inc/core_cm0plus.h:741:22:__NVIC_EnableIRQ	2
../Src/main.c:108:6:system_init	1
../Src/main.c:289:6:lavado	1
../Src/main.c:302:6:enjuague	4
../Src/main.c:333:6:centrifugado	1
../Src/main.c:346:6:LCD_SendNibble	2
../Src/main.c:359:6:LCD_SendByte	2
../Src/main.c:365:6:LCD_Service_1ms	15
../Src/main.c:422:6:LCD_PrintNew	1
../Src/main.c:428:6:LCD_PrintTwoLines	3
../Src/main.c:448:6:tecla_activa	33
../Src/main.c:559:9:parser	12
../Src/main.c:576:6:print_display	7
../Src/main.c:639:6:actualizar_display_desde_minutos	2
../Src/main.c:656:6:actualizar_display_desde_segundos	1
../Src/main.c:667:6:clk_inverso	2
../Src/main.c:691:6:clk_inverso_espera	3
../Src/main.c:713:6:USART2_write_char	2
../Src/main.c:718:6:USART2_write_string	2
../Src/main.c:724:6:USART2_write_uint	5
../Src/main.c:742:6:mod_config	12
../Src/main.c:816:6:selec_ciclo	14
../Src/main.c:897:6:control_etapa	5
../Src/main.c:914:6:TIM21_IRQHandler	10
../Src/main.c:961:6:TIM22_IRQHandler	15
../Src/main.c:1032:6:EXTI0_1_IRQHandler	5
../Src/main.c:1082:6:EXTI4_15_IRQHandler	15
../Src/main.c:1170:5:main	1
